// Jest Snapshot v1, https://goo.gl/fbAQLP

exports[` 1`] = `
<DocumentFragment>
  <div
    class="container"
  >
    <label
      class="label"
      for="random"
    >
      random 
    </label>
    <input
      class="input"
      data-testid="test"
      id="random"
      type="text"
    />
  </div>
</DocumentFragment>
`;

exports[` 2`] = `
<DocumentFragment>
  <div>
    <h2
      class="heading"
    >
      Images in post
    </h2>
    <div
      class="previewContainer"
      style="opacity: 0;"
    >
      <button
        class="emptySpace"
        disabled=""
        style="opacity: 0;"
        type="button"
      >
        <svg
          class="icon icon-tabler icon-tabler-photo-plus"
          fill="none"
          height="24"
          stroke="currentColor"
          stroke-linecap="round"
          stroke-linejoin="round"
          stroke-width="2"
          viewBox="0 0 24 24"
          width="24"
          xmlns="http://www.w3.org/2000/svg"
        >
          <path
            d="M0 0h24v24H0z"
            fill="none"
            stroke="none"
          />
          <path
            d="M15 8h.01"
          />
          <path
            d="M12 20h-5a3 3 0 0 1 -3 -3v-10a3 3 0 0 1 3 -3h10a3 3 0 0 1 3 3v5"
          />
          <path
            d="M4 15l4 -4c.928 -.893 2.072 -.893 3 0l4 4"
          />
          <path
            d="M14 14l1 -1c.617 -.593 1.328 -.793 2.009 -.598"
          />
          <path
            d="M16 19h6"
          />
          <path
            d="M19 16v6"
          />
        </svg>
        <span
          class="visually-hidden"
        >
          empty space for image
        </span>
      </button>
      <button
        class="emptySpace"
        disabled=""
        style="opacity: 0;"
        type="button"
      >
        <svg
          class="icon icon-tabler icon-tabler-photo-plus"
          fill="none"
          height="24"
          stroke="currentColor"
          stroke-linecap="round"
          stroke-linejoin="round"
          stroke-width="2"
          viewBox="0 0 24 24"
          width="24"
          xmlns="http://www.w3.org/2000/svg"
        >
          <path
            d="M0 0h24v24H0z"
            fill="none"
            stroke="none"
          />
          <path
            d="M15 8h.01"
          />
          <path
            d="M12 20h-5a3 3 0 0 1 -3 -3v-10a3 3 0 0 1 3 -3h10a3 3 0 0 1 3 3v5"
          />
          <path
            d="M4 15l4 -4c.928 -.893 2.072 -.893 3 0l4 4"
          />
          <path
            d="M14 14l1 -1c.617 -.593 1.328 -.793 2.009 -.598"
          />
          <path
            d="M16 19h6"
          />
          <path
            d="M19 16v6"
          />
        </svg>
        <span
          class="visually-hidden"
        >
          empty space for image
        </span>
      </button>
    </div>
  </div>
</DocumentFragment>
`;
